"","Bacteria","Eukaryota"
"29-B1",1,0
"30-B1",1,0
"31-B2",0.994852282900627,0
"32-B3",0.999498935237379,0.000501064762620569
"33-B1",0.99940849402579,0.00059150597421034
"34-B1",0.988805970149254,0.0111940298507463
"35-B2",0.991629582538674,0.0066751430387794
"36-B3",1,0
"37-B1",1,0
"38-B2",1,0
"39-B3",1,0
"40-B1",1,0
"41-B2",1,0
"42-B3",1,0
"44-B2",0.981051634296542,0
"45-B3",0.977169777133539,0
"46-B1",1,0
"47-B2",1,0
"48-B3",0.998893652330245,0.00110634766975522
"49-B1",1,0
"50-B2",1,0
"52-B1",1,0
"53-B2",0.997699386503067,0.00230061349693252
"54-B3",0.998207008964955,0.00179299103504482
